Searching for modules matching: [NavierStokes.ActivationBounds]
Found 1 modules to check
	Command being timed: "lake env ../lean4checker/.lake/build/bin/lean4checker NavierStokes.ActivationBounds"
	User time (seconds): 1.39
	System time (seconds): 2.70
	Percent of CPU this job got: 43%
	Elapsed (wall clock) time (h:mm:ss or m:ss): 0:09.31
	Average shared text size (kbytes): 0
	Average unshared data size (kbytes): 0
	Average stack size (kbytes): 0
	Average total size (kbytes): 0
	Maximum resident set size (kbytes): 2666380
	Average resident set size (kbytes): 0
	Major (requiring I/O) page faults: 34284
	Minor (reclaiming a frame) page faults: 81568
	Voluntary context switches: 39512
	Involuntary context switches: 30
	Swaps: 0
	File system inputs: 4502552
	File system outputs: 16
	Socket messages sent: 0
	Socket messages received: 0
	Signals delivered: 0
	Page size (bytes): 4096
	Exit status: 0
